============================= test session starts =============================
platform win32 -- Python 3.10.5, pytest-9.0.2, pluggy-1.6.0 -- C:\Users\glazb\AppData\Local\Programs\Python\Python310\python.exe
cachedir: .pytest_cache
rootdir: C:\Users\glazb\PycharmProjects\gosling2
configfile: pyproject.toml
plugins: cov-7.0.0, mock-3.15.1
collecting ... collected 22 items

tests/unit/presentation/widgets/test_library_widget.py::test_initial_load ERROR [  4%]
tests/unit/presentation/widgets/test_library_widget.py::test_import_files_success ERROR [  9%]
tests/unit/presentation/widgets/test_library_widget.py::test_import_files_zero ERROR [ 13%]
tests/unit/presentation/widgets/test_library_widget.py::test_scan_folder ERROR [ 18%]
tests/unit/presentation/widgets/test_library_widget.py::test_import_single_file_logic ERROR [ 22%]
tests/unit/presentation/widgets/test_library_widget.py::test_delete_selected_cancel ERROR [ 27%]
tests/unit/presentation/widgets/test_library_widget.py::test_delete_selected_confirm ERROR [ 31%]
tests/unit/presentation/widgets/test_library_widget.py::test_search_filtering ERROR [ 36%]
tests/unit/presentation/widgets/test_library_widget.py::test_search_invalid_regex_fallback ERROR [ 40%]
tests/unit/presentation/widgets/test_library_widget.py::test_double_click_emits_add_playlist ERROR [ 45%]
tests/unit/presentation/widgets/test_library_widget.py::test_filter_by_performer ERROR [ 50%]
tests/unit/presentation/widgets/test_library_widget.py::test_filter_by_year ERROR [ 54%]
tests/unit/presentation/widgets/test_library_widget.py::test_column_visibility_toggle ERROR [ 59%]
tests/unit/presentation/widgets/test_library_widget.py::test_load_column_visibility ERROR [ 63%]
tests/unit/presentation/widgets/test_library_widget.py::test_show_table_context_menu ERROR [ 68%]
tests/unit/presentation/widgets/test_library_widget.py::test_show_column_context_menu ERROR [ 72%]
tests/unit/presentation/widgets/test_library_widget.py::test_show_id3_tags_dialog ERROR [ 77%]
tests/unit/presentation/widgets/test_library_widget.py::test_numeric_sorting ERROR [ 81%]
tests/unit/presentation/widgets/test_library_widget.py::test_table_schema_integrity ERROR [ 86%]
tests/unit/presentation/widgets/test_library_widget.py::test_unified_artist_validation ERROR [ 90%]
tests/unit/presentation/widgets/test_library_widget.py::test_persistence_uses_names_not_indices ERROR [ 95%]
tests/unit/presentation/widgets/test_library_widget.py::test_atomic_lifecycle_preserves_widths_on_filter ERROR [100%]

=================================== ERRORS ====================================
_____________________ ERROR at setup of test_initial_load _____________________
file C:\Users\glazb\PycharmProjects\gosling2\tests\unit\presentation\widgets\test_library_widget.py, line 51
  def test_initial_load(library_widget, mock_dependencies):
file C:\Users\glazb\PycharmProjects\gosling2\tests\unit\presentation\widgets\test_library_widget.py, line 28
  @pytest.fixture
  def library_widget(qtbot, mock_dependencies):
E       fixture 'qtbot' not found
>       available fixtures: cache, capfd, capfdbinary, caplog, capsys, capsysbinary, capteesys, class_mocker, cov, doctest_namespace, library_widget, mock_dependencies, mocker, module_mocker, monkeypatch, no_cover, package_mocker, pytestconfig, record_property, record_testsuite_property, record_xml_attribute, recwarn, session_mocker, subtests, tmp_path, tmp_path_factory, tmpdir, tmpdir_factory
>       use 'pytest --fixtures [testpath]' for help on them.

C:\Users\glazb\PycharmProjects\gosling2\tests\unit\presentation\widgets\test_library_widget.py:28
_________________ ERROR at setup of test_import_files_success _________________
file C:\Users\glazb\PycharmProjects\gosling2\tests\unit\presentation\widgets\test_library_widget.py, line 67
  def test_import_files_success(library_widget, mock_dependencies):
file C:\Users\glazb\PycharmProjects\gosling2\tests\unit\presentation\widgets\test_library_widget.py, line 28
  @pytest.fixture
  def library_widget(qtbot, mock_dependencies):
E       fixture 'qtbot' not found
>       available fixtures: cache, capfd, capfdbinary, caplog, capsys, capsysbinary, capteesys, class_mocker, cov, doctest_namespace, library_widget, mock_dependencies, mocker, module_mocker, monkeypatch, no_cover, package_mocker, pytestconfig, record_property, record_testsuite_property, record_xml_attribute, recwarn, session_mocker, subtests, tmp_path, tmp_path_factory, tmpdir, tmpdir_factory
>       use 'pytest --fixtures [testpath]' for help on them.

C:\Users\glazb\PycharmProjects\gosling2\tests\unit\presentation\widgets\test_library_widget.py:28
__________________ ERROR at setup of test_import_files_zero ___________________
file C:\Users\glazb\PycharmProjects\gosling2\tests\unit\presentation\widgets\test_library_widget.py, line 80
  def test_import_files_zero(library_widget, mock_dependencies):
file C:\Users\glazb\PycharmProjects\gosling2\tests\unit\presentation\widgets\test_library_widget.py, line 28
  @pytest.fixture
  def library_widget(qtbot, mock_dependencies):
E       fixture 'qtbot' not found
>       available fixtures: cache, capfd, capfdbinary, caplog, capsys, capsysbinary, capteesys, class_mocker, cov, doctest_namespace, library_widget, mock_dependencies, mocker, module_mocker, monkeypatch, no_cover, package_mocker, pytestconfig, record_property, record_testsuite_property, record_xml_attribute, recwarn, session_mocker, subtests, tmp_path, tmp_path_factory, tmpdir, tmpdir_factory
>       use 'pytest --fixtures [testpath]' for help on them.

C:\Users\glazb\PycharmProjects\gosling2\tests\unit\presentation\widgets\test_library_widget.py:28
_____________________ ERROR at setup of test_scan_folder ______________________
file C:\Users\glazb\PycharmProjects\gosling2\tests\unit\presentation\widgets\test_library_widget.py, line 86
  def test_scan_folder(library_widget, mock_dependencies):
file C:\Users\glazb\PycharmProjects\gosling2\tests\unit\presentation\widgets\test_library_widget.py, line 28
  @pytest.fixture
  def library_widget(qtbot, mock_dependencies):
E       fixture 'qtbot' not found
>       available fixtures: cache, capfd, capfdbinary, caplog, capsys, capsysbinary, capteesys, class_mocker, cov, doctest_namespace, library_widget, mock_dependencies, mocker, module_mocker, monkeypatch, no_cover, package_mocker, pytestconfig, record_property, record_testsuite_property, record_xml_attribute, recwarn, session_mocker, subtests, tmp_path, tmp_path_factory, tmpdir, tmpdir_factory
>       use 'pytest --fixtures [testpath]' for help on them.

C:\Users\glazb\PycharmProjects\gosling2\tests\unit\presentation\widgets\test_library_widget.py:28
_______________ ERROR at setup of test_import_single_file_logic _______________
file C:\Users\glazb\PycharmProjects\gosling2\tests\unit\presentation\widgets\test_library_widget.py, line 93
  def test_import_single_file_logic(library_widget, mock_dependencies):
file C:\Users\glazb\PycharmProjects\gosling2\tests\unit\presentation\widgets\test_library_widget.py, line 28
  @pytest.fixture
  def library_widget(qtbot, mock_dependencies):
E       fixture 'qtbot' not found
>       available fixtures: cache, capfd, capfdbinary, caplog, capsys, capsysbinary, capteesys, class_mocker, cov, doctest_namespace, library_widget, mock_dependencies, mocker, module_mocker, monkeypatch, no_cover, package_mocker, pytestconfig, record_property, record_testsuite_property, record_xml_attribute, recwarn, session_mocker, subtests, tmp_path, tmp_path_factory, tmpdir, tmpdir_factory
>       use 'pytest --fixtures [testpath]' for help on them.

C:\Users\glazb\PycharmProjects\gosling2\tests\unit\presentation\widgets\test_library_widget.py:28
________________ ERROR at setup of test_delete_selected_cancel ________________
file C:\Users\glazb\PycharmProjects\gosling2\tests\unit\presentation\widgets\test_library_widget.py, line 119
  def test_delete_selected_cancel(library_widget, mock_dependencies):
file C:\Users\glazb\PycharmProjects\gosling2\tests\unit\presentation\widgets\test_library_widget.py, line 28
  @pytest.fixture
  def library_widget(qtbot, mock_dependencies):
E       fixture 'qtbot' not found
>       available fixtures: cache, capfd, capfdbinary, caplog, capsys, capsysbinary, capteesys, class_mocker, cov, doctest_namespace, library_widget, mock_dependencies, mocker, module_mocker, monkeypatch, no_cover, package_mocker, pytestconfig, record_property, record_testsuite_property, record_xml_attribute, recwarn, session_mocker, subtests, tmp_path, tmp_path_factory, tmpdir, tmpdir_factory
>       use 'pytest --fixtures [testpath]' for help on them.

C:\Users\glazb\PycharmProjects\gosling2\tests\unit\presentation\widgets\test_library_widget.py:28
_______________ ERROR at setup of test_delete_selected_confirm ________________
file C:\Users\glazb\PycharmProjects\gosling2\tests\unit\presentation\widgets\test_library_widget.py, line 131
  def test_delete_selected_confirm(library_widget, mock_dependencies):
file C:\Users\glazb\PycharmProjects\gosling2\tests\unit\presentation\widgets\test_library_widget.py, line 28
  @pytest.fixture
  def library_widget(qtbot, mock_dependencies):
E       fixture 'qtbot' not found
>       available fixtures: cache, capfd, capfdbinary, caplog, capsys, capsysbinary, capteesys, class_mocker, cov, doctest_namespace, library_widget, mock_dependencies, mocker, module_mocker, monkeypatch, no_cover, package_mocker, pytestconfig, record_property, record_testsuite_property, record_xml_attribute, recwarn, session_mocker, subtests, tmp_path, tmp_path_factory, tmpdir, tmpdir_factory
>       use 'pytest --fixtures [testpath]' for help on them.

C:\Users\glazb\PycharmProjects\gosling2\tests\unit\presentation\widgets\test_library_widget.py:28
___________________ ERROR at setup of test_search_filtering ___________________
file C:\Users\glazb\PycharmProjects\gosling2\tests\unit\presentation\widgets\test_library_widget.py, line 151
  def test_search_filtering(library_widget, qtbot):
file C:\Users\glazb\PycharmProjects\gosling2\tests\unit\presentation\widgets\test_library_widget.py, line 28
  @pytest.fixture
  def library_widget(qtbot, mock_dependencies):
E       fixture 'qtbot' not found
>       available fixtures: cache, capfd, capfdbinary, caplog, capsys, capsysbinary, capteesys, class_mocker, cov, doctest_namespace, library_widget, mock_dependencies, mocker, module_mocker, monkeypatch, no_cover, package_mocker, pytestconfig, record_property, record_testsuite_property, record_xml_attribute, recwarn, session_mocker, subtests, tmp_path, tmp_path_factory, tmpdir, tmpdir_factory
>       use 'pytest --fixtures [testpath]' for help on them.

C:\Users\glazb\PycharmProjects\gosling2\tests\unit\presentation\widgets\test_library_widget.py:28
____________ ERROR at setup of test_search_invalid_regex_fallback _____________
file C:\Users\glazb\PycharmProjects\gosling2\tests\unit\presentation\widgets\test_library_widget.py, line 181
  def test_search_invalid_regex_fallback(library_widget, qtbot):
file C:\Users\glazb\PycharmProjects\gosling2\tests\unit\presentation\widgets\test_library_widget.py, line 28
  @pytest.fixture
  def library_widget(qtbot, mock_dependencies):
E       fixture 'qtbot' not found
>       available fixtures: cache, capfd, capfdbinary, caplog, capsys, capsysbinary, capteesys, class_mocker, cov, doctest_namespace, library_widget, mock_dependencies, mocker, module_mocker, monkeypatch, no_cover, package_mocker, pytestconfig, record_property, record_testsuite_property, record_xml_attribute, recwarn, session_mocker, subtests, tmp_path, tmp_path_factory, tmpdir, tmpdir_factory
>       use 'pytest --fixtures [testpath]' for help on them.

C:\Users\glazb\PycharmProjects\gosling2\tests\unit\presentation\widgets\test_library_widget.py:28
___________ ERROR at setup of test_double_click_emits_add_playlist ____________
file C:\Users\glazb\PycharmProjects\gosling2\tests\unit\presentation\widgets\test_library_widget.py, line 190
  def test_double_click_emits_add_playlist(library_widget, qtbot):
file C:\Users\glazb\PycharmProjects\gosling2\tests\unit\presentation\widgets\test_library_widget.py, line 28
  @pytest.fixture
  def library_widget(qtbot, mock_dependencies):
E       fixture 'qtbot' not found
>       available fixtures: cache, capfd, capfdbinary, caplog, capsys, capsysbinary, capteesys, class_mocker, cov, doctest_namespace, library_widget, mock_dependencies, mocker, module_mocker, monkeypatch, no_cover, package_mocker, pytestconfig, record_property, record_testsuite_property, record_xml_attribute, recwarn, session_mocker, subtests, tmp_path, tmp_path_factory, tmpdir, tmpdir_factory
>       use 'pytest --fixtures [testpath]' for help on them.

C:\Users\glazb\PycharmProjects\gosling2\tests\unit\presentation\widgets\test_library_widget.py:28
_________________ ERROR at setup of test_filter_by_performer __________________
file C:\Users\glazb\PycharmProjects\gosling2\tests\unit\presentation\widgets\test_library_widget.py, line 219
  def test_filter_by_performer(library_widget, mock_dependencies):
file C:\Users\glazb\PycharmProjects\gosling2\tests\unit\presentation\widgets\test_library_widget.py, line 28
  @pytest.fixture
  def library_widget(qtbot, mock_dependencies):
E       fixture 'qtbot' not found
>       available fixtures: cache, capfd, capfdbinary, caplog, capsys, capsysbinary, capteesys, class_mocker, cov, doctest_namespace, library_widget, mock_dependencies, mocker, module_mocker, monkeypatch, no_cover, package_mocker, pytestconfig, record_property, record_testsuite_property, record_xml_attribute, recwarn, session_mocker, subtests, tmp_path, tmp_path_factory, tmpdir, tmpdir_factory
>       use 'pytest --fixtures [testpath]' for help on them.

C:\Users\glazb\PycharmProjects\gosling2\tests\unit\presentation\widgets\test_library_widget.py:28
____________________ ERROR at setup of test_filter_by_year ____________________
file C:\Users\glazb\PycharmProjects\gosling2\tests\unit\presentation\widgets\test_library_widget.py, line 232
  def test_filter_by_year(library_widget, mock_dependencies):
file C:\Users\glazb\PycharmProjects\gosling2\tests\unit\presentation\widgets\test_library_widget.py, line 28
  @pytest.fixture
  def library_widget(qtbot, mock_dependencies):
E       fixture 'qtbot' not found
>       available fixtures: cache, capfd, capfdbinary, caplog, capsys, capsysbinary, capteesys, class_mocker, cov, doctest_namespace, library_widget, mock_dependencies, mocker, module_mocker, monkeypatch, no_cover, package_mocker, pytestconfig, record_property, record_testsuite_property, record_xml_attribute, recwarn, session_mocker, subtests, tmp_path, tmp_path_factory, tmpdir, tmpdir_factory
>       use 'pytest --fixtures [testpath]' for help on them.

C:\Users\glazb\PycharmProjects\gosling2\tests\unit\presentation\widgets\test_library_widget.py:28
_______________ ERROR at setup of test_column_visibility_toggle _______________
file C:\Users\glazb\PycharmProjects\gosling2\tests\unit\presentation\widgets\test_library_widget.py, line 249
  def test_column_visibility_toggle(library_widget, mock_dependencies):
file C:\Users\glazb\PycharmProjects\gosling2\tests\unit\presentation\widgets\test_library_widget.py, line 28
  @pytest.fixture
  def library_widget(qtbot, mock_dependencies):
E       fixture 'qtbot' not found
>       available fixtures: cache, capfd, capfdbinary, caplog, capsys, capsysbinary, capteesys, class_mocker, cov, doctest_namespace, library_widget, mock_dependencies, mocker, module_mocker, monkeypatch, no_cover, package_mocker, pytestconfig, record_property, record_testsuite_property, record_xml_attribute, recwarn, session_mocker, subtests, tmp_path, tmp_path_factory, tmpdir, tmpdir_factory
>       use 'pytest --fixtures [testpath]' for help on them.

C:\Users\glazb\PycharmProjects\gosling2\tests\unit\presentation\widgets\test_library_widget.py:28
________________ ERROR at setup of test_load_column_visibility ________________
file C:\Users\glazb\PycharmProjects\gosling2\tests\unit\presentation\widgets\test_library_widget.py, line 261
  def test_load_column_visibility(library_widget, mock_dependencies):
file C:\Users\glazb\PycharmProjects\gosling2\tests\unit\presentation\widgets\test_library_widget.py, line 28
  @pytest.fixture
  def library_widget(qtbot, mock_dependencies):
E       fixture 'qtbot' not found
>       available fixtures: cache, capfd, capfdbinary, caplog, capsys, capsysbinary, capteesys, class_mocker, cov, doctest_namespace, library_widget, mock_dependencies, mocker, module_mocker, monkeypatch, no_cover, package_mocker, pytestconfig, record_property, record_testsuite_property, record_xml_attribute, recwarn, session_mocker, subtests, tmp_path, tmp_path_factory, tmpdir, tmpdir_factory
>       use 'pytest --fixtures [testpath]' for help on them.

C:\Users\glazb\PycharmProjects\gosling2\tests\unit\presentation\widgets\test_library_widget.py:28
_______________ ERROR at setup of test_show_table_context_menu ________________
file C:\Users\glazb\PycharmProjects\gosling2\tests\unit\presentation\widgets\test_library_widget.py, line 279
  def test_show_table_context_menu(library_widget, mock_dependencies):
file C:\Users\glazb\PycharmProjects\gosling2\tests\unit\presentation\widgets\test_library_widget.py, line 28
  @pytest.fixture
  def library_widget(qtbot, mock_dependencies):
E       fixture 'qtbot' not found
>       available fixtures: cache, capfd, capfdbinary, caplog, capsys, capsysbinary, capteesys, class_mocker, cov, doctest_namespace, library_widget, mock_dependencies, mocker, module_mocker, monkeypatch, no_cover, package_mocker, pytestconfig, record_property, record_testsuite_property, record_xml_attribute, recwarn, session_mocker, subtests, tmp_path, tmp_path_factory, tmpdir, tmpdir_factory
>       use 'pytest --fixtures [testpath]' for help on them.

C:\Users\glazb\PycharmProjects\gosling2\tests\unit\presentation\widgets\test_library_widget.py:28
_______________ ERROR at setup of test_show_column_context_menu _______________
file C:\Users\glazb\PycharmProjects\gosling2\tests\unit\presentation\widgets\test_library_widget.py, line 292
  def test_show_column_context_menu(library_widget):
file C:\Users\glazb\PycharmProjects\gosling2\tests\unit\presentation\widgets\test_library_widget.py, line 28
  @pytest.fixture
  def library_widget(qtbot, mock_dependencies):
E       fixture 'qtbot' not found
>       available fixtures: cache, capfd, capfdbinary, caplog, capsys, capsysbinary, capteesys, class_mocker, cov, doctest_namespace, library_widget, mock_dependencies, mocker, module_mocker, monkeypatch, no_cover, package_mocker, pytestconfig, record_property, record_testsuite_property, record_xml_attribute, recwarn, session_mocker, subtests, tmp_path, tmp_path_factory, tmpdir, tmpdir_factory
>       use 'pytest --fixtures [testpath]' for help on them.

C:\Users\glazb\PycharmProjects\gosling2\tests\unit\presentation\widgets\test_library_widget.py:28
_________________ ERROR at setup of test_show_id3_tags_dialog _________________
file C:\Users\glazb\PycharmProjects\gosling2\tests\unit\presentation\widgets\test_library_widget.py, line 306
  def test_show_id3_tags_dialog(library_widget, mock_dependencies):
file C:\Users\glazb\PycharmProjects\gosling2\tests\unit\presentation\widgets\test_library_widget.py, line 28
  @pytest.fixture
  def library_widget(qtbot, mock_dependencies):
E       fixture 'qtbot' not found
>       available fixtures: cache, capfd, capfdbinary, caplog, capsys, capsysbinary, capteesys, class_mocker, cov, doctest_namespace, library_widget, mock_dependencies, mocker, module_mocker, monkeypatch, no_cover, package_mocker, pytestconfig, record_property, record_testsuite_property, record_xml_attribute, recwarn, session_mocker, subtests, tmp_path, tmp_path_factory, tmpdir, tmpdir_factory
>       use 'pytest --fixtures [testpath]' for help on them.

C:\Users\glazb\PycharmProjects\gosling2\tests\unit\presentation\widgets\test_library_widget.py:28
___________________ ERROR at setup of test_numeric_sorting ____________________
file C:\Users\glazb\PycharmProjects\gosling2\tests\unit\presentation\widgets\test_library_widget.py, line 326
  def test_numeric_sorting(library_widget, mock_dependencies):
file C:\Users\glazb\PycharmProjects\gosling2\tests\unit\presentation\widgets\test_library_widget.py, line 28
  @pytest.fixture
  def library_widget(qtbot, mock_dependencies):
E       fixture 'qtbot' not found
>       available fixtures: cache, capfd, capfdbinary, caplog, capsys, capsysbinary, capteesys, class_mocker, cov, doctest_namespace, library_widget, mock_dependencies, mocker, module_mocker, monkeypatch, no_cover, package_mocker, pytestconfig, record_property, record_testsuite_property, record_xml_attribute, recwarn, session_mocker, subtests, tmp_path, tmp_path_factory, tmpdir, tmpdir_factory
>       use 'pytest --fixtures [testpath]' for help on them.

C:\Users\glazb\PycharmProjects\gosling2\tests\unit\presentation\widgets\test_library_widget.py:28
________________ ERROR at setup of test_table_schema_integrity ________________
file C:\Users\glazb\PycharmProjects\gosling2\tests\unit\presentation\widgets\test_library_widget.py, line 362
  def test_table_schema_integrity(library_widget, mock_dependencies):
file C:\Users\glazb\PycharmProjects\gosling2\tests\unit\presentation\widgets\test_library_widget.py, line 28
  @pytest.fixture
  def library_widget(qtbot, mock_dependencies):
E       fixture 'qtbot' not found
>       available fixtures: cache, capfd, capfdbinary, caplog, capsys, capsysbinary, capteesys, class_mocker, cov, doctest_namespace, library_widget, mock_dependencies, mocker, module_mocker, monkeypatch, no_cover, package_mocker, pytestconfig, record_property, record_testsuite_property, record_xml_attribute, recwarn, session_mocker, subtests, tmp_path, tmp_path_factory, tmpdir, tmpdir_factory
>       use 'pytest --fixtures [testpath]' for help on them.

C:\Users\glazb\PycharmProjects\gosling2\tests\unit\presentation\widgets\test_library_widget.py:28
______________ ERROR at setup of test_unified_artist_validation _______________
file C:\Users\glazb\PycharmProjects\gosling2\tests\unit\presentation\widgets\test_library_widget.py, line 381
  def test_unified_artist_validation(library_widget):
file C:\Users\glazb\PycharmProjects\gosling2\tests\unit\presentation\widgets\test_library_widget.py, line 28
  @pytest.fixture
  def library_widget(qtbot, mock_dependencies):
E       fixture 'qtbot' not found
>       available fixtures: cache, capfd, capfdbinary, caplog, capsys, capsysbinary, capteesys, class_mocker, cov, doctest_namespace, library_widget, mock_dependencies, mocker, module_mocker, monkeypatch, no_cover, package_mocker, pytestconfig, record_property, record_testsuite_property, record_xml_attribute, recwarn, session_mocker, subtests, tmp_path, tmp_path_factory, tmpdir, tmpdir_factory
>       use 'pytest --fixtures [testpath]' for help on them.

C:\Users\glazb\PycharmProjects\gosling2\tests\unit\presentation\widgets\test_library_widget.py:28
__________ ERROR at setup of test_persistence_uses_names_not_indices __________
file C:\Users\glazb\PycharmProjects\gosling2\tests\unit\presentation\widgets\test_library_widget.py, line 407
  def test_persistence_uses_names_not_indices(library_widget, mock_dependencies):
file C:\Users\glazb\PycharmProjects\gosling2\tests\unit\presentation\widgets\test_library_widget.py, line 28
  @pytest.fixture
  def library_widget(qtbot, mock_dependencies):
E       fixture 'qtbot' not found
>       available fixtures: cache, capfd, capfdbinary, caplog, capsys, capsysbinary, capteesys, class_mocker, cov, doctest_namespace, library_widget, mock_dependencies, mocker, module_mocker, monkeypatch, no_cover, package_mocker, pytestconfig, record_property, record_testsuite_property, record_xml_attribute, recwarn, session_mocker, subtests, tmp_path, tmp_path_factory, tmpdir, tmpdir_factory
>       use 'pytest --fixtures [testpath]' for help on them.

C:\Users\glazb\PycharmProjects\gosling2\tests\unit\presentation\widgets\test_library_widget.py:28
_____ ERROR at setup of test_atomic_lifecycle_preserves_widths_on_filter ______
file C:\Users\glazb\PycharmProjects\gosling2\tests\unit\presentation\widgets\test_library_widget.py, line 431
  def test_atomic_lifecycle_preserves_widths_on_filter(library_widget, mock_dependencies):
file C:\Users\glazb\PycharmProjects\gosling2\tests\unit\presentation\widgets\test_library_widget.py, line 28
  @pytest.fixture
  def library_widget(qtbot, mock_dependencies):
E       fixture 'qtbot' not found
>       available fixtures: cache, capfd, capfdbinary, caplog, capsys, capsysbinary, capteesys, class_mocker, cov, doctest_namespace, library_widget, mock_dependencies, mocker, module_mocker, monkeypatch, no_cover, package_mocker, pytestconfig, record_property, record_testsuite_property, record_xml_attribute, recwarn, session_mocker, subtests, tmp_path, tmp_path_factory, tmpdir, tmpdir_factory
>       use 'pytest --fixtures [testpath]' for help on them.

C:\Users\glazb\PycharmProjects\gosling2\tests\unit\presentation\widgets\test_library_widget.py:28
=========================== short test summary info ===========================
ERROR tests/unit/presentation/widgets/test_library_widget.py::test_initial_load
ERROR tests/unit/presentation/widgets/test_library_widget.py::test_import_files_success
ERROR tests/unit/presentation/widgets/test_library_widget.py::test_import_files_zero
ERROR tests/unit/presentation/widgets/test_library_widget.py::test_scan_folder
ERROR tests/unit/presentation/widgets/test_library_widget.py::test_import_single_file_logic
ERROR tests/unit/presentation/widgets/test_library_widget.py::test_delete_selected_cancel
ERROR tests/unit/presentation/widgets/test_library_widget.py::test_delete_selected_confirm
ERROR tests/unit/presentation/widgets/test_library_widget.py::test_search_filtering
ERROR tests/unit/presentation/widgets/test_library_widget.py::test_search_invalid_regex_fallback
ERROR tests/unit/presentation/widgets/test_library_widget.py::test_double_click_emits_add_playlist
ERROR tests/unit/presentation/widgets/test_library_widget.py::test_filter_by_performer
ERROR tests/unit/presentation/widgets/test_library_widget.py::test_filter_by_year
ERROR tests/unit/presentation/widgets/test_library_widget.py::test_column_visibility_toggle
ERROR tests/unit/presentation/widgets/test_library_widget.py::test_load_column_visibility
ERROR tests/unit/presentation/widgets/test_library_widget.py::test_show_table_context_menu
ERROR tests/unit/presentation/widgets/test_library_widget.py::test_show_column_context_menu
ERROR tests/unit/presentation/widgets/test_library_widget.py::test_show_id3_tags_dialog
ERROR tests/unit/presentation/widgets/test_library_widget.py::test_numeric_sorting
ERROR tests/unit/presentation/widgets/test_library_widget.py::test_table_schema_integrity
ERROR tests/unit/presentation/widgets/test_library_widget.py::test_unified_artist_validation
ERROR tests/unit/presentation/widgets/test_library_widget.py::test_persistence_uses_names_not_indices
ERROR tests/unit/presentation/widgets/test_library_widget.py::test_atomic_lifecycle_preserves_widths_on_filter
============================= 22 errors in 0.21s ==============================
